\BOOKMARK [1][-]{section.1}{\376\377\000S\000c\000o\000p\000e\000,\000\040\000S\000t\000a\000t\000u\000s\000,\000\040\000a\000n\000d\000\040\000C\000l\000a\000i\000m\000s}{}% 1
\BOOKMARK [1][-]{section.2}{\376\377\000G\000a\000m\000e\000\040\000M\000o\000d\000e\000l}{}% 2
\BOOKMARK [2][-]{subsection.2.1}{\376\377\000F\000u\000l\000l\000y\000\040\000O\000b\000s\000e\000r\000v\000e\000d\000\040\000S\000t\000a\000t\000e\000\040\000w\000i\000t\000h\000\040\000S\000i\000m\000u\000l\000t\000a\000n\000e\000o\000u\000s\000\040\000A\000c\000t\000i\000o\000n\000s}{section.2}% 3
\BOOKMARK [2][-]{subsection.2.2}{\376\377\000A\000c\000t\000o\000r\000-\000A\000w\000a\000r\000e\000\040\000E\000x\000a\000c\000t\000-\000S\000e\000c\000o\000n\000d\000\040\000L\000e\000g\000a\000l\000i\000t\000y}{section.2}% 4
\BOOKMARK [2][-]{subsection.2.3}{\376\377\000T\000r\000a\000n\000s\000i\000t\000i\000o\000n\000\040\000K\000e\000r\000n\000e\000l\000\040\000a\000n\000d\000\040\000U\000t\000i\000l\000i\000t\000y}{section.2}% 5
\BOOKMARK [2][-]{subsection.2.4}{\376\377\000W\000h\000y\000\040\000R\000e\000i\000n\000f\000o\000r\000c\000e\000m\000e\000n\000t\000\040\000L\000e\000a\000r\000n\000i\000n\000g\000\040\000N\000e\000e\000d\000s\000\040\000a\000n\000\040\000E\000p\000i\000s\000o\000d\000e\000\040\000C\000o\000n\000t\000r\000a\000c\000t}{section.2}% 6
\BOOKMARK [1][-]{section.3}{\376\377\000E\000x\000a\000c\000t\000\040\000F\000i\000n\000i\000t\000e\000-\000H\000o\000r\000i\000z\000o\000n\000\040\000S\000o\000l\000v\000e\000r}{}% 7
\BOOKMARK [1][-]{section.4}{\376\377\000E\000r\000r\000o\000r\000\040\000R\000e\000a\000s\000o\000n\000i\000n\000g\000\040\000f\000o\000r\000\040\000D\000e\000p\000t\000h\000-\000L\000i\000m\000i\000t\000e\000d\000\040\000S\000e\000a\000r\000c\000h}{}% 8
\BOOKMARK [2][-]{subsection.4.1}{\376\377\000M\000i\000n\000i\000m\000a\000x\000\040\000B\000a\000c\000k\000u\000p\000\040\000I\000s\000\040\000N\000o\000n\000-\000E\000x\000p\000a\000n\000s\000i\000v\000e}{section.4}% 9
\BOOKMARK [2][-]{subsection.4.2}{\376\377\000L\000o\000c\000a\000l\000\040\000P\000o\000l\000i\000c\000y\000\040\000Q\000u\000a\000l\000i\000t\000y\000\040\000f\000r\000o\000m\000\040\000M\000a\000t\000r\000i\000x\000\040\000A\000c\000c\000u\000r\000a\000c\000y}{section.4}% 10
\BOOKMARK [2][-]{subsection.4.3}{\376\377\000C\000a\000n\000d\000i\000d\000a\000t\000e\000\040\000S\000e\000t\000s\000\040\000N\000e\000e\000d\000\040\000T\000h\000e\000i\000r\000\040\000O\000w\000n\000\040\000A\000u\000d\000i\000t}{section.4}% 11
\BOOKMARK [1][-]{section.5}{\376\377\000C\000u\000r\000r\000e\000n\000t\000\040\000S\000e\000a\000r\000c\000h\000\040\000S\000t\000a\000c\000k}{}% 12
\BOOKMARK [2][-]{subsection.5.1}{\376\377\000S\000e\000l\000e\000c\000t\000i\000v\000e\000\040\000S\000o\000l\000v\000e\000\040\000a\000n\000d\000\040\000B\000o\000u\000n\000d\000e\000d\000\040\000R\000e\000s\000o\000l\000v\000e}{section.5}% 13
\BOOKMARK [2][-]{subsection.5.2}{\376\377\000M\000a\000t\000r\000i\000x\000-\000G\000a\000m\000e\000\040\000M\000C\000T\000S}{section.5}% 14
\BOOKMARK [1][-]{section.6}{\376\377\000A\000u\000d\000i\000t\000\040\000o\000f\000\040\000t\000h\000e\000\040\000C\000u\000r\000r\000e\000n\000t\000\040\000L\000e\000a\000r\000n\000i\000n\000g\000\040\000A\000t\000t\000e\000m\000p\000t}{}% 15
\BOOKMARK [2][-]{subsection.6.1}{\376\377\000I\000m\000p\000l\000e\000m\000e\000n\000t\000e\000d\000\040\000P\000i\000e\000c\000e\000s}{section.6}% 16
\BOOKMARK [2][-]{subsection.6.2}{\376\377\000B\000l\000o\000c\000k\000i\000n\000g\000\040\000I\000n\000t\000e\000g\000r\000a\000t\000i\000o\000n\000\040\000G\000a\000p\000s}{section.6}% 17
\BOOKMARK [1][-]{section.7}{\376\377\000T\000a\000r\000g\000e\000t\000\040\000P\000y\000t\000h\000o\000n\000\040\000A\000l\000p\000h\000a\000Z\000e\000r\000o\000\040\000S\000y\000s\000t\000e\000m}{}% 18
\BOOKMARK [2][-]{subsection.7.1}{\376\377\000R\000e\000c\000o\000n\000s\000t\000r\000u\000c\000t\000a\000b\000l\000e\000\040\000S\000t\000a\000t\000e\000\040\000a\000n\000d\000\040\000R\000e\000p\000l\000a\000y}{section.7}% 19
\BOOKMARK [2][-]{subsection.7.2}{\376\377\000P\000o\000l\000i\000c\000y\000/\000V\000a\000l\000u\000e\000\040\000F\000u\000n\000c\000t\000i\000o\000n}{section.7}% 20
\BOOKMARK [2][-]{subsection.7.3}{\376\377\000M\000C\000T\000S\000\040\000S\000e\000l\000f\000-\000P\000l\000a\000y}{section.7}% 21
\BOOKMARK [2][-]{subsection.7.4}{\376\377\000L\000e\000a\000r\000n\000i\000n\000g\000\040\000O\000b\000j\000e\000c\000t\000i\000v\000e}{section.7}% 22
\BOOKMARK [2][-]{subsection.7.5}{\376\377\000R\000e\000a\000n\000a\000l\000y\000s\000i\000s}{section.7}% 23
\BOOKMARK [1][-]{section.8}{\376\377\000P\000r\000o\000m\000o\000t\000i\000o\000n\000\040\000a\000n\000d\000\040\000E\000v\000i\000d\000e\000n\000c\000e}{}% 24
\BOOKMARK [1][-]{section.9}{\376\377\000P\000h\000a\000s\000e\000d\000\040\000I\000m\000p\000l\000e\000m\000e\000n\000t\000a\000t\000i\000o\000n\000\040\000a\000n\000d\000\040\000R\000u\000s\000t\000\040\000B\000o\000u\000n\000d\000a\000r\000y}{}% 25
\BOOKMARK [1][-]{section.10}{\376\377\000W\000h\000a\000t\000\040\000t\000h\000e\000\040\000P\000r\000o\000o\000f\000s\000\040\000D\000o\000\040\000a\000n\000d\000\040\000D\000o\000\040\000N\000o\000t\000\040\000E\000s\000t\000a\000b\000l\000i\000s\000h}{}% 26
\BOOKMARK [1][-]{section.11}{\376\377\000V\000a\000l\000i\000d\000a\000t\000i\000o\000n\000\040\000P\000r\000o\000t\000o\000c\000o\000l}{}% 27
\BOOKMARK [1][-]{section.12}{\376\377\000C\000o\000n\000c\000l\000u\000s\000i\000o\000n}{}% 28
